--------------------------------------------------------------------------------------
Timing Analyzer Summary
--------------------------------------------------------------------------------------

Type           : Worst-case tsu
Slack          : N/A
Required Time  : None
Actual Time    : 1.258 ns
From           : sw[1]
To             : T_flip_flop:\gen_add:15:gen03:T0|Q
From Clock     : --
To Clock       : key[0]
Failed Paths   : 0

Type           : Worst-case tco
Slack          : N/A
Required Time  : None
Actual Time    : 10.729 ns
From           : T_flip_flop:\gen_add:1:gen02:T0|Q
To             : hex0[0]
From Clock     : key[0]
To Clock       : --
Failed Paths   : 0

Type           : Worst-case th
Slack          : N/A
Required Time  : None
Actual Time    : 0.906 ns
From           : sw[1]
To             : T_flip_flop:\gen_add:1:gen02:T0|Q
From Clock     : --
To Clock       : key[0]
Failed Paths   : 0

Type           : Clock Setup: 'key[0]'
Slack          : N/A
Required Time  : None
Actual Time    : 354.61 MHz ( period = 2.820 ns )
From           : T_flip_flop:\gen_add:4:gen03:T0|Q
To             : T_flip_flop:\gen_add:15:gen03:T0|Q
From Clock     : key[0]
To Clock       : key[0]
Failed Paths   : 0

Type           : Total number of failed paths
Slack          : 
Required Time  : 
Actual Time    : 
From           : 
To             : 
From Clock     : 
To Clock       : 
Failed Paths   : 0

--------------------------------------------------------------------------------------

